// Jest Snapshot v1, https://goo.gl/fbAQLP

exports[`Pruebas sobre el componente contador Probando con enzyme 1`] = `
<Fragment>
  <h1>
    Hola Soy Contador Santiago
  </h1>
  <h2>
    Hola soy Santiago
  </h2>
  <h3>
    0
  </h3>
  <button
    onClick={[Function]}
  >
     ¡Más!
  </button>
  <button
    onClick={[Function]}
  >
     ¡Menos!
  </button>
  <br />
  <br />
  <button
    onClick={[Function]}
  >
     ¡Reset!
  </button>
</Fragment>
`;
